

================================================================
== Vitis HLS Report for 'read_in'
================================================================
* Date:           Thu Jul 13 17:55:00 2023

* Version:        2023.1 (Build 3854077 on May  4 2023)
* Project:        Byte_Count_Really_Good_This_Time
* Solution:       solution1 (Vivado IP Flow Target)
* Product family: zynq
* Target device:  xc7z020-clg484-1


================================================================
== Performance Estimates
================================================================
+ Timing: 
    * Summary: 
    +--------+---------+----------+------------+
    |  Clock |  Target | Estimated| Uncertainty|
    +--------+---------+----------+------------+
    |ap_clk  |  5.00 ns|  2.552 ns|     1.35 ns|
    +--------+---------+----------+------------+

+ Latency: 
    * Summary: 
    +---------+---------+----------+----------+-----+-----+---------+
    |  Latency (cycles) |  Latency (absolute) |  Interval | Pipeline|
    |   min   |   max   |    min   |    max   | min | max |   Type  |
    +---------+---------+----------+----------+-----+-----+---------+
    |        ?|        ?|         ?|         ?|    ?|    ?|       no|
    +---------+---------+----------+----------+-----+-----+---------+

    + Detail: 
        * Instance: 
        N/A

        * Loop: 
        +------------------+---------+---------+----------+-----------+-----------+------+----------+
        |                  |  Latency (cycles) | Iteration|  Initiation Interval  | Trip |          |
        |     Loop Name    |   min   |   max   |  Latency |  achieved |   target  | Count| Pipelined|
        +------------------+---------+---------+----------+-----------+-----------+------+----------+
        |- VITIS_LOOP_4_1  |        ?|        ?|         2|          1|          1|     ?|       yes|
        +------------------+---------+---------+----------+-----------+-----------+------+----------+



================================================================
== Utilization Estimates
================================================================
* Summary: 
+-----------------+---------+-----+--------+-------+-----+
|       Name      | BRAM_18K| DSP |   FF   |  LUT  | URAM|
+-----------------+---------+-----+--------+-------+-----+
|DSP              |        -|    -|       -|      -|    -|
|Expression       |        -|    -|       0|     83|    -|
|FIFO             |        -|    -|       -|      -|    -|
|Instance         |        -|    -|       -|      -|    -|
|Memory           |        -|    -|       -|      -|    -|
|Multiplexer      |        -|    -|       -|     59|    -|
|Register         |        -|    -|      73|      -|    -|
+-----------------+---------+-----+--------+-------+-----+
|Total            |        0|    0|      73|    142|    0|
+-----------------+---------+-----+--------+-------+-----+
|Available        |      280|  220|  106400|  53200|    0|
+-----------------+---------+-----+--------+-------+-----+
|Utilization (%)  |        0|    0|      ~0|     ~0|    0|
+-----------------+---------+-----+--------+-------+-----+

+ Detail: 
    * Instance: 
    N/A

    * DSP: 
    N/A

    * Memory: 
    N/A

    * FIFO: 
    N/A

    * Expression: 
    +----------------------------------+----------+----+---+----+------------+------------+
    |           Variable Name          | Operation| DSP| FF| LUT| Bitwidth P0| Bitwidth P1|
    +----------------------------------+----------+----+---+----+------------+------------+
    |i_2_fu_99_p2                      |         +|   0|  0|  38|          31|           1|
    |icmp_ln4_fu_93_p2                 |      icmp|   0|  0|  39|          32|          32|
    |ap_block_pp0_stage0_01001         |        or|   0|  0|   2|           1|           1|
    |ap_block_state1_pp0_stage0_iter0  |        or|   0|  0|   2|           1|           1|
    |ap_enable_pp0                     |       xor|   0|  0|   2|           1|           2|
    +----------------------------------+----------+----+---+----+------------+------------+
    |Total                             |          |   0|  0|  83|          66|          37|
    +----------------------------------+----------+----+---+----+------------+------------+

    * Multiplexer: 
    +-------------------------+----+-----------+-----+-----------+
    |           Name          | LUT| Input Size| Bits| Total Bits|
    +-------------------------+----+-----------+-----+-----------+
    |ap_done_int              |   9|          2|    1|          2|
    |ap_enable_reg_pp0_iter1  |   9|          2|    1|          2|
    |ap_sig_allocacmp_i_load  |  14|          3|   31|         93|
    |i_fu_52                  |   9|          2|   31|         62|
    |in_r_TDATA_blk_n         |   9|          2|    1|          2|
    |split_in_blk_n           |   9|          2|    1|          2|
    +-------------------------+----+-----------+-----+-----------+
    |Total                    |  59|         13|   66|        163|
    +-------------------------+----+-----------+-----+-----------+

    * Register: 
    +-------------------------+----+----+-----+-----------+
    |           Name          | FF | LUT| Bits| Const Bits|
    +-------------------------+----+----+-----+-----------+
    |ap_CS_fsm                |   1|   0|    1|          0|
    |ap_done_reg              |   1|   0|    1|          0|
    |ap_enable_reg_pp0_iter1  |   1|   0|    1|          0|
    |i_2_reg_123              |  31|   0|   31|          0|
    |i_fu_52                  |  31|   0|   31|          0|
    |temp_pkt_data_reg_128    |   8|   0|    8|          0|
    +-------------------------+----+----+-----+-----------+
    |Total                    |  73|   0|   73|          0|
    +-------------------------+----+----+-----+-----------+



================================================================
== Interface
================================================================
* Summary: 
+-----------------+-----+-----+------------+---------------+--------------+
|    RTL Ports    | Dir | Bits|  Protocol  | Source Object |    C Type    |
+-----------------+-----+-----+------------+---------------+--------------+
|ap_clk           |   in|    1|  ap_ctrl_hs|        read_in|  return value|
|ap_rst           |   in|    1|  ap_ctrl_hs|        read_in|  return value|
|ap_start         |   in|    1|  ap_ctrl_hs|        read_in|  return value|
|ap_done          |  out|    1|  ap_ctrl_hs|        read_in|  return value|
|ap_continue      |   in|    1|  ap_ctrl_hs|        read_in|  return value|
|ap_idle          |  out|    1|  ap_ctrl_hs|        read_in|  return value|
|ap_ready         |  out|    1|  ap_ctrl_hs|        read_in|  return value|
|in_r_TVALID      |   in|    1|        axis|  in_r_V_last_V|       pointer|
|in_r_TREADY      |  out|    1|        axis|  in_r_V_last_V|       pointer|
|in_r_TLAST       |   in|    1|        axis|  in_r_V_last_V|       pointer|
|split_in_din     |  out|    8|     ap_fifo|       split_in|       pointer|
|split_in_full_n  |   in|    1|     ap_fifo|       split_in|       pointer|
|split_in_write   |  out|    1|     ap_fifo|       split_in|       pointer|
|in_r_TDATA       |   in|    8|        axis|  in_r_V_data_V|       pointer|
|in_r_TKEEP       |   in|    1|        axis|  in_r_V_keep_V|       pointer|
|in_r_TSTRB       |   in|    1|        axis|  in_r_V_strb_V|       pointer|
|n                |   in|   32|     ap_none|              n|        scalar|
+-----------------+-----+-----+------------+---------------+--------------+

