

================================================================
== Vitis HLS Report for 'threshold'
================================================================
* Date:           Mon Jul 25 22:36:30 2022

* Version:        2022.1 (Build 3526262 on Mon Apr 18 15:48:16 MDT 2022)
* Project:        byte_count_stream
* Solution:       solution1 (Vivado IP Flow Target)
* Product family: zynq
* Target device:  xc7z010i-clg225-1L


================================================================
== Performance Estimates
================================================================
+ Timing: 
    * Summary: 
    +--------+----------+----------+------------+
    |  Clock |  Target  | Estimated| Uncertainty|
    +--------+----------+----------+------------+
    |ap_clk  |  10.00 ns|  7.091 ns|     2.70 ns|
    +--------+----------+----------+------------+

+ Latency: 
    * Summary: 
    +---------+---------+----------+----------+-----+-----+---------+
    |  Latency (cycles) |  Latency (absolute) |  Interval | Pipeline|
    |   min   |   max   |    min   |    max   | min | max |   Type  |
    +---------+---------+----------+----------+-----+-----+---------+
    |      260|      260|  2.600 us|  2.600 us|  260|  260|       no|
    +---------+---------+----------+----------+-----+-----+---------+

    + Detail: 
        * Instance: 
        +----------------------------------------------+------------------------------------+---------+---------+----------+----------+-----+-----+---------+
        |                                              |                                    |  Latency (cycles) |  Latency (absolute) |  Interval | Pipeline|
        |                   Instance                   |               Module               |   min   |   max   |    min   |    max   | min | max |   Type  |
        +----------------------------------------------+------------------------------------+---------+---------+----------+----------+-----+-----+---------+
        |grp_threshold_Pipeline_VITIS_LOOP_54_1_fu_31  |threshold_Pipeline_VITIS_LOOP_54_1  |      258|      258|  2.580 us|  2.580 us|  258|  258|       no|
        +----------------------------------------------+------------------------------------+---------+---------+----------+----------+-----+-----+---------+

        * Loop: 
        N/A



================================================================
== Utilization Estimates
================================================================
* Summary: 
+-----------------+---------+----+-------+-------+-----+
|       Name      | BRAM_18K| DSP|   FF  |  LUT  | URAM|
+-----------------+---------+----+-------+-------+-----+
|DSP              |        -|   -|      -|      -|    -|
|Expression       |        -|   -|      0|      2|    -|
|FIFO             |        -|   -|      -|      -|    -|
|Instance         |        -|   -|     44|    154|    -|
|Memory           |        -|   -|      -|      -|    -|
|Multiplexer      |        -|   -|      -|     38|    -|
|Register         |        -|   -|      5|      -|    -|
+-----------------+---------+----+-------+-------+-----+
|Total            |        0|   0|     49|    194|    0|
+-----------------+---------+----+-------+-------+-----+
|Available        |      120|  80|  35200|  17600|    0|
+-----------------+---------+----+-------+-------+-----+
|Utilization (%)  |        0|   0|     ~0|      1|    0|
+-----------------+---------+----+-------+-------+-----+

+ Detail: 
    * Instance: 
    +----------------------------------------------+------------------------------------+---------+----+----+-----+-----+
    |                   Instance                   |               Module               | BRAM_18K| DSP| FF | LUT | URAM|
    +----------------------------------------------+------------------------------------+---------+----+----+-----+-----+
    |grp_threshold_Pipeline_VITIS_LOOP_54_1_fu_31  |threshold_Pipeline_VITIS_LOOP_54_1  |        0|   0|  44|  154|    0|
    +----------------------------------------------+------------------------------------+---------+----+----+-----+-----+
    |Total                                         |                                    |        0|   0|  44|  154|    0|
    +----------------------------------------------+------------------------------------+---------+----+----+-----+-----+

    * DSP: 
    N/A

    * Memory: 
    N/A

    * FIFO: 
    N/A

    * Expression: 
    +-----------------+----------+----+---+----+------------+------------+
    |  Variable Name  | Operation| DSP| FF| LUT| Bitwidth P0| Bitwidth P1|
    +-----------------+----------+----+---+----+------------+------------+
    |ap_block_state1  |        or|   0|  0|   2|           1|           1|
    +-----------------+----------+----+---+----+------------+------------+
    |Total            |          |   0|  0|   2|           1|           1|
    +-----------------+----------+----+---+----+------------+------------+

    * Multiplexer: 
    +-------------+----+-----------+-----+-----------+
    |     Name    | LUT| Input Size| Bits| Total Bits|
    +-------------+----+-----------+-----+-----------+
    |Out_r_blk_n  |   9|          2|    1|          2|
    |ap_NS_fsm    |  20|          4|    1|          4|
    |ap_done      |   9|          2|    1|          2|
    +-------------+----+-----------+-----+-----------+
    |Total        |  38|          8|    3|          8|
    +-------------+----+-----------+-----+-----------+

    * Register: 
    +-----------------------------------------------------------+---+----+-----+-----------+
    |                            Name                           | FF| LUT| Bits| Const Bits|
    +-----------------------------------------------------------+---+----+-----+-----------+
    |ap_CS_fsm                                                  |  3|   0|    3|          0|
    |ap_done_reg                                                |  1|   0|    1|          0|
    |grp_threshold_Pipeline_VITIS_LOOP_54_1_fu_31_ap_start_reg  |  1|   0|    1|          0|
    +-----------------------------------------------------------+---+----+-----+-----------+
    |Total                                                      |  5|   0|    5|          0|
    +-----------------------------------------------------------+---+----+-----+-----------+



================================================================
== Interface
================================================================
* Summary: 
+-----------------+-----+-----+------------+--------------+--------------+
|    RTL Ports    | Dir | Bits|  Protocol  | Source Object|    C Type    |
+-----------------+-----+-----+------------+--------------+--------------+
|ap_clk           |   in|    1|  ap_ctrl_hs|     threshold|  return value|
|ap_rst           |   in|    1|  ap_ctrl_hs|     threshold|  return value|
|ap_start         |   in|    1|  ap_ctrl_hs|     threshold|  return value|
|ap_done          |  out|    1|  ap_ctrl_hs|     threshold|  return value|
|ap_continue      |   in|    1|  ap_ctrl_hs|     threshold|  return value|
|ap_idle          |  out|    1|  ap_ctrl_hs|     threshold|  return value|
|ap_ready         |  out|    1|  ap_ctrl_hs|     threshold|  return value|
|appear_address0  |  out|    8|   ap_memory|        appear|         array|
|appear_ce0       |  out|    1|   ap_memory|        appear|         array|
|appear_q0        |   in|    8|   ap_memory|        appear|         array|
|Out_r_din        |  out|   32|     ap_fifo|         Out_r|       pointer|
|Out_r_full_n     |   in|    1|     ap_fifo|         Out_r|       pointer|
|Out_r_write      |  out|    1|     ap_fifo|         Out_r|       pointer|
+-----------------+-----+-----+------------+--------------+--------------+

