

================================================================
== Vitis HLS Report for 'count_Pipeline_APPEARANCES'
================================================================
* Date:           Sun Sep 18 13:44:04 2022

* Version:        2022.1 (Build 3526262 on Mon Apr 18 15:48:16 MDT 2022)
* Project:        byte_count_stream
* Solution:       solution1 (Vivado IP Flow Target)
* Product family: zynq
* Target device:  xc7z010i-clg225-1L


================================================================
== Performance Estimates
================================================================
+ Timing: 
    * Summary: 
    +--------+---------+----------+------------+
    |  Clock |  Target | Estimated| Uncertainty|
    +--------+---------+----------+------------+
    |ap_clk  |  9.36 ns|  6.659 ns|     2.53 ns|
    +--------+---------+----------+------------+

+ Latency: 
    * Summary: 
    +---------+---------+----------+----------+------+------+---------+
    |  Latency (cycles) |  Latency (absolute) |   Interval  | Pipeline|
    |   min   |   max   |    min   |    max   |  min |  max |   Type  |
    +---------+---------+----------+----------+------+------+---------+
    |     1027|     1027|  9.612 us|  9.612 us|  1027|  1027|       no|
    +---------+---------+----------+----------+------+------+---------+

    + Detail: 
        * Instance: 
        N/A

        * Loop: 
        +---------------+---------+---------+----------+-----------+-----------+------+----------+
        |               |  Latency (cycles) | Iteration|  Initiation Interval  | Trip |          |
        |   Loop Name   |   min   |   max   |  Latency |  achieved |   target  | Count| Pipelined|
        +---------------+---------+---------+----------+-----------+-----------+------+----------+
        |- APPEARANCES  |     1025|     1025|         3|          1|          1|  1024|       yes|
        +---------------+---------+---------+----------+-----------+-----------+------+----------+

============================================================
+ Verbose Summary: Synthesis Manager
============================================================
InlineROM: 1
ExposeGlobal: 0
============================================================
+ Verbose Summary: CDFG Model
============================================================
IsTopModel: 0
ResetActiveHigh: 1
IsCombinational: 0
IsDatapathOnly: 0
HasWiredReturn: 1
HasMFsm: 2
HasVarLatency: 1
IsPipeline: 0
IsRtlPipelined: 0
IsInstanceOverlapped: 0
IsDontTouch: 0
HasImplIP: 0
IsGatedGlobalClock: 0

+ Individual pipeline summary: 
  * Pipeline-0: initiation interval (II) = 1, depth = 3


============================================================
+ Verbose Summary: Schedule
============================================================
* Number of FSM states : 3
* Pipeline : 1
  Pipeline-0 : II = 1, D = 3, States = { 1 2 3 }
* Dataflow Pipeline: 0

* FSM state transitions: 
1 --> 2 
2 --> 3 
3 --> 

* FSM state operations: 

State 1 <SV = 0> <Delay = 3.46>
ST_1 : Operation 6 [1/1] (0.00ns)   --->   "%lhs = alloca i32 1"   --->   Operation 6 'alloca' 'lhs' <Predicate = true> <Delay = 0.00>
ST_1 : Operation 7 [1/1] (0.00ns)   --->   "%prev = alloca i32 1"   --->   Operation 7 'alloca' 'prev' <Predicate = true> <Delay = 0.00>
ST_1 : Operation 8 [1/1] (0.00ns)   --->   "%i = alloca i32 1"   --->   Operation 8 'alloca' 'i' <Predicate = true> <Delay = 0.00>
ST_1 : Operation 9 [1/1] (0.00ns)   --->   "%specinterface_ln0 = specinterface void @_ssdm_op_SpecInterface, i8 %In_r, void @empty, i32 0, i32 0, void @empty_0, i32 0, i32 0, void @empty_1, void @empty_1, void @empty_1, i32 0, i32 0, i32 0, i32 0, void @empty_1, void @empty_1, i32 4294967295, i32 0"   --->   Operation 9 'specinterface' 'specinterface_ln0' <Predicate = true> <Delay = 0.00>
ST_1 : Operation 10 [1/1] (1.58ns)   --->   "%store_ln0 = store i11 0, i11 %i"   --->   Operation 10 'store' 'store_ln0' <Predicate = true> <Delay = 1.58>
ST_1 : Operation 11 [1/1] (1.70ns)   --->   "%store_ln0 = store i3 0, i3 %lhs"   --->   Operation 11 'store' 'store_ln0' <Predicate = true> <Delay = 1.70>
ST_1 : Operation 12 [1/1] (0.00ns)   --->   "%br_ln0 = br void %for.body5"   --->   Operation 12 'br' 'br_ln0' <Predicate = true> <Delay = 0.00>
ST_1 : Operation 13 [1/1] (0.00ns)   --->   "%i_2 = load i11 %i" [byte_count_stream/src/byte_count_stream.cpp:36]   --->   Operation 13 'load' 'i_2' <Predicate = true> <Delay = 0.00>
ST_1 : Operation 14 [1/1] (1.88ns)   --->   "%icmp_ln36 = icmp_eq  i11 %i_2, i11 1024" [byte_count_stream/src/byte_count_stream.cpp:36]   --->   Operation 14 'icmp' 'icmp_ln36' <Predicate = true> <Delay = 1.88> <CoreInst = "Cmp">   --->   Core 9 'Cmp' <Latency = 0> <II = 1> <Delay = 1.88> <FuncUnit> <Opcode : 'icmp'> <InPorts = 2> <OutPorts = 1>
ST_1 : Operation 15 [1/1] (0.00ns)   --->   "%empty = speclooptripcount i32 @_ssdm_op_SpecLoopTripCount, i64 1024, i64 1024, i64 1024"   --->   Operation 15 'speclooptripcount' 'empty' <Predicate = true> <Delay = 0.00>
ST_1 : Operation 16 [1/1] (1.63ns)   --->   "%i_3 = add i11 %i_2, i11 1" [byte_count_stream/src/byte_count_stream.cpp:36]   --->   Operation 16 'add' 'i_3' <Predicate = true> <Delay = 1.63> <CoreInst = "Adder">   --->   Core 1 'Adder' <Latency = 0> <II = 1> <Delay = 1.63> <FuncUnit> <Opcode : 'add' 'sub'> <InPorts = 2> <OutPorts = 1>
ST_1 : Operation 17 [1/1] (0.00ns)   --->   "%br_ln36 = br i1 %icmp_ln36, void %for.body5.split, void %for.end20.exitStub" [byte_count_stream/src/byte_count_stream.cpp:36]   --->   Operation 17 'br' 'br_ln36' <Predicate = true> <Delay = 0.00>
ST_1 : Operation 18 [1/1] (0.00ns)   --->   "%prev_2 = read i8 @_ssdm_op_Read.axis.volatile.i8P128A, i8 %In_r" [C:/Xilinx/Vitis_HLS/2022.1/common/technology/autopilot/hls_stream_39.h:145]   --->   Operation 18 'read' 'prev_2' <Predicate = (!icmp_ln36)> <Delay = 0.00> <CoreInst = "axis">   --->   Core 115 'axis' <Latency = 0> <II = 1> <Delay = 1.00> <Adapter> <Opcode : >
ST_1 : Operation 19 [1/1] (1.88ns)   --->   "%icmp_ln40 = icmp_eq  i11 %i_2, i11 0" [byte_count_stream/src/byte_count_stream.cpp:40]   --->   Operation 19 'icmp' 'icmp_ln40' <Predicate = (!icmp_ln36)> <Delay = 1.88> <CoreInst = "Cmp">   --->   Core 9 'Cmp' <Latency = 0> <II = 1> <Delay = 1.88> <FuncUnit> <Opcode : 'icmp'> <InPorts = 2> <OutPorts = 1>
ST_1 : Operation 20 [1/1] (1.58ns)   --->   "%store_ln36 = store i11 %i_3, i11 %i" [byte_count_stream/src/byte_count_stream.cpp:36]   --->   Operation 20 'store' 'store_ln36' <Predicate = (!icmp_ln36)> <Delay = 1.58>

State 2 <SV = 1> <Delay = 5.12>
ST_2 : Operation 21 [1/1] (0.00ns)   --->   "%prev_load_1 = load i8 %prev" [byte_count_stream/src/byte_count_stream.cpp:40]   --->   Operation 21 'load' 'prev_load_1' <Predicate = (!icmp_ln40)> <Delay = 0.00>
ST_2 : Operation 22 [1/1] (0.00ns)   --->   "%specpipeline_ln37 = specpipeline void @_ssdm_op_SpecPipeline, i32 1, i32 0, i32 0, i32 0, void @empty_1" [byte_count_stream/src/byte_count_stream.cpp:37]   --->   Operation 22 'specpipeline' 'specpipeline_ln37' <Predicate = true> <Delay = 0.00>
ST_2 : Operation 23 [1/1] (0.00ns)   --->   "%specloopname_ln0 = specloopname void @_ssdm_op_SpecLoopName, void @empty_9" [C:/Xilinx/Vitis_HLS/2022.1/common/technology/autopilot/hls_stream_39.h:0]   --->   Operation 23 'specloopname' 'specloopname_ln0' <Predicate = true> <Delay = 0.00>
ST_2 : Operation 24 [1/1] (1.24ns)   --->   "%prev_1 = select i1 %icmp_ln40, i8 %prev_2, i8 %prev_load_1" [byte_count_stream/src/byte_count_stream.cpp:40]   --->   Operation 24 'select' 'prev_1' <Predicate = true> <Delay = 1.24> <CoreInst = "Sel">   --->   Core 73 'Sel' <Latency = 0> <II = 1> <Delay = 1.24> <FuncUnit> <Opcode : 'select'> <InPorts = 3> <OutPorts = 1>
ST_2 : Operation 25 [1/1] (1.55ns)   --->   "%icmp_ln44 = icmp_eq  i8 %prev_1, i8 %prev_2" [byte_count_stream/src/byte_count_stream.cpp:44]   --->   Operation 25 'icmp' 'icmp_ln44' <Predicate = true> <Delay = 1.55> <CoreInst = "Cmp">   --->   Core 9 'Cmp' <Latency = 0> <II = 1> <Delay = 1.55> <FuncUnit> <Opcode : 'icmp'> <InPorts = 2> <OutPorts = 1>
ST_2 : Operation 26 [1/1] (0.00ns)   --->   "%lhs_load_1 = load i3 %lhs"   --->   Operation 26 'load' 'lhs_load_1' <Predicate = true> <Delay = 0.00>
ST_2 : Operation 27 [1/1] (0.00ns)   --->   "%br_ln44 = br i1 %icmp_ln44, void %if.else, void %_ZN13ap_fixed_baseILi33ELi33ELb1EL9ap_q_mode5EL9ap_o_mode3ELi0EEC2Ei.exit.i.i.i" [byte_count_stream/src/byte_count_stream.cpp:44]   --->   Operation 27 'br' 'br_ln44' <Predicate = true> <Delay = 0.00>
ST_2 : Operation 28 [1/1] (0.00ns)   --->   "%zext_ln47 = zext i8 %prev_1" [byte_count_stream/src/byte_count_stream.cpp:47]   --->   Operation 28 'zext' 'zext_ln47' <Predicate = (!icmp_ln44)> <Delay = 0.00>
ST_2 : Operation 29 [1/1] (0.00ns)   --->   "%appear_addr = getelementptr i3 %appear, i32 0, i32 %zext_ln47" [byte_count_stream/src/byte_count_stream.cpp:47]   --->   Operation 29 'getelementptr' 'appear_addr' <Predicate = (!icmp_ln44)> <Delay = 0.00>
ST_2 : Operation 30 [1/1] (2.32ns)   --->   "%store_ln47 = store i3 %lhs_load_1, i8 %appear_addr" [byte_count_stream/src/byte_count_stream.cpp:47]   --->   Operation 30 'store' 'store_ln47' <Predicate = (!icmp_ln44)> <Delay = 2.32> <CoreInst = "RAM">   --->   Core 82 'RAM' <Latency = 1> <II = 1> <Delay = 2.32> <Storage> <Opcode : 'load' 'store'> <Ports = 2> <Width = 3> <Depth = 256> <RAM>
ST_2 : Operation 31 [1/1] (0.00ns)   --->   "%zext_ln859 = zext i8 %prev_2"   --->   Operation 31 'zext' 'zext_ln859' <Predicate = (!icmp_ln44)> <Delay = 0.00>
ST_2 : Operation 32 [1/1] (0.00ns)   --->   "%appear_addr_1 = getelementptr i3 %appear, i32 0, i32 %zext_ln859"   --->   Operation 32 'getelementptr' 'appear_addr_1' <Predicate = (!icmp_ln44)> <Delay = 0.00>
ST_2 : Operation 33 [2/2] (2.32ns)   --->   "%lhs_1 = load i8 %appear_addr_1"   --->   Operation 33 'load' 'lhs_1' <Predicate = (!icmp_ln44)> <Delay = 2.32> <CoreInst = "RAM">   --->   Core 82 'RAM' <Latency = 1> <II = 1> <Delay = 2.32> <Storage> <Opcode : 'load' 'store'> <Ports = 2> <Width = 3> <Depth = 256> <RAM>
ST_2 : Operation 34 [1/1] (0.00ns)   --->   "%zext_ln1393 = zext i3 %lhs_load_1"   --->   Operation 34 'zext' 'zext_ln1393' <Predicate = (icmp_ln44)> <Delay = 0.00>
ST_2 : Operation 35 [1/1] (1.65ns)   --->   "%ret_V = add i4 %zext_ln1393, i4 1"   --->   Operation 35 'add' 'ret_V' <Predicate = (icmp_ln44)> <Delay = 1.65> <CoreInst = "Adder">   --->   Core 1 'Adder' <Latency = 0> <II = 1> <Delay = 1.65> <FuncUnit> <Opcode : 'add' 'sub'> <InPorts = 2> <OutPorts = 1>
ST_2 : Operation 36 [1/1] (1.65ns)   --->   "%count_V = add i3 %lhs_load_1, i3 1"   --->   Operation 36 'add' 'count_V' <Predicate = (icmp_ln44)> <Delay = 1.65> <CoreInst = "Adder">   --->   Core 1 'Adder' <Latency = 0> <II = 1> <Delay = 1.65> <FuncUnit> <Opcode : 'add' 'sub'> <InPorts = 2> <OutPorts = 1>
ST_2 : Operation 37 [1/1] (0.00ns)   --->   "%overflow = bitselect i1 @_ssdm_op_BitSelect.i1.i4.i32, i4 %ret_V, i32 3"   --->   Operation 37 'bitselect' 'overflow' <Predicate = (icmp_ln44)> <Delay = 0.00>
ST_2 : Operation 38 [1/1] (0.98ns)   --->   "%count_V_1 = select i1 %overflow, i3 7, i3 %count_V"   --->   Operation 38 'select' 'count_V_1' <Predicate = (icmp_ln44)> <Delay = 0.98> <CoreInst = "Sel">   --->   Core 73 'Sel' <Latency = 0> <II = 1> <Delay = 0.98> <FuncUnit> <Opcode : 'select'> <InPorts = 3> <OutPorts = 1>
ST_2 : Operation 39 [1/1] (1.70ns)   --->   "%store_ln46 = store i3 %count_V_1, i3 %lhs" [byte_count_stream/src/byte_count_stream.cpp:46]   --->   Operation 39 'store' 'store_ln46' <Predicate = (icmp_ln44)> <Delay = 1.70>
ST_2 : Operation 40 [1/1] (0.00ns)   --->   "%br_ln46 = br void %for.inc18" [byte_count_stream/src/byte_count_stream.cpp:46]   --->   Operation 40 'br' 'br_ln46' <Predicate = (icmp_ln44)> <Delay = 0.00>
ST_2 : Operation 41 [1/1] (0.00ns)   --->   "%store_ln36 = store i8 %prev_2, i8 %prev" [byte_count_stream/src/byte_count_stream.cpp:36]   --->   Operation 41 'store' 'store_ln36' <Predicate = true> <Delay = 0.00>
ST_2 : Operation 42 [1/1] (0.00ns)   --->   "%br_ln36 = br void %for.body5" [byte_count_stream/src/byte_count_stream.cpp:36]   --->   Operation 42 'br' 'br_ln36' <Predicate = true> <Delay = 0.00>
ST_2 : Operation 51 [1/1] (0.00ns)   --->   "%lhs_load = load i3 %lhs"   --->   Operation 51 'load' 'lhs_load' <Predicate = (icmp_ln36)> <Delay = 0.00>
ST_2 : Operation 52 [1/1] (0.00ns)   --->   "%prev_load = load i8 %prev"   --->   Operation 52 'load' 'prev_load' <Predicate = (icmp_ln36)> <Delay = 0.00>
ST_2 : Operation 53 [1/1] (0.00ns)   --->   "%write_ln0 = write void @_ssdm_op_Write.ap_auto.i8P0A, i8 %prev_out, i8 %prev_load"   --->   Operation 53 'write' 'write_ln0' <Predicate = (icmp_ln36)> <Delay = 0.00>
ST_2 : Operation 54 [1/1] (0.00ns)   --->   "%write_ln0 = write void @_ssdm_op_Write.ap_auto.i3P0A, i3 %count_V_5_out, i3 %lhs_load"   --->   Operation 54 'write' 'write_ln0' <Predicate = (icmp_ln36)> <Delay = 0.00>
ST_2 : Operation 55 [1/1] (0.00ns)   --->   "%ret_ln0 = ret"   --->   Operation 55 'ret' 'ret_ln0' <Predicate = (icmp_ln36)> <Delay = 0.00>

State 3 <SV = 2> <Delay = 6.65>
ST_3 : Operation 43 [1/2] (2.32ns)   --->   "%lhs_1 = load i8 %appear_addr_1"   --->   Operation 43 'load' 'lhs_1' <Predicate = (!icmp_ln44)> <Delay = 2.32> <CoreInst = "RAM">   --->   Core 82 'RAM' <Latency = 1> <II = 1> <Delay = 2.32> <Storage> <Opcode : 'load' 'store'> <Ports = 2> <Width = 3> <Depth = 256> <RAM>
ST_3 : Operation 44 [1/1] (0.00ns)   --->   "%zext_ln1393_1 = zext i3 %lhs_1"   --->   Operation 44 'zext' 'zext_ln1393_1' <Predicate = (!icmp_ln44)> <Delay = 0.00>
ST_3 : Operation 45 [1/1] (1.65ns)   --->   "%ret_V_1 = add i4 %zext_ln1393_1, i4 1"   --->   Operation 45 'add' 'ret_V_1' <Predicate = (!icmp_ln44)> <Delay = 1.65> <CoreInst = "Adder">   --->   Core 1 'Adder' <Latency = 0> <II = 1> <Delay = 1.65> <FuncUnit> <Opcode : 'add' 'sub'> <InPorts = 2> <OutPorts = 1>
ST_3 : Operation 46 [1/1] (1.65ns)   --->   "%add_ln859 = add i3 %lhs_1, i3 1"   --->   Operation 46 'add' 'add_ln859' <Predicate = (!icmp_ln44)> <Delay = 1.65> <CoreInst = "Adder">   --->   Core 1 'Adder' <Latency = 0> <II = 1> <Delay = 1.65> <FuncUnit> <Opcode : 'add' 'sub'> <InPorts = 2> <OutPorts = 1>
ST_3 : Operation 47 [1/1] (0.00ns)   --->   "%overflow_1 = bitselect i1 @_ssdm_op_BitSelect.i1.i4.i32, i4 %ret_V_1, i32 3"   --->   Operation 47 'bitselect' 'overflow_1' <Predicate = (!icmp_ln44)> <Delay = 0.00>
ST_3 : Operation 48 [1/1] (0.98ns)   --->   "%count_V_2 = select i1 %overflow_1, i3 7, i3 %add_ln859"   --->   Operation 48 'select' 'count_V_2' <Predicate = (!icmp_ln44)> <Delay = 0.98> <CoreInst = "Sel">   --->   Core 73 'Sel' <Latency = 0> <II = 1> <Delay = 0.98> <FuncUnit> <Opcode : 'select'> <InPorts = 3> <OutPorts = 1>
ST_3 : Operation 49 [1/1] (1.70ns)   --->   "%store_ln348 = store i3 %count_V_2, i3 %lhs"   --->   Operation 49 'store' 'store_ln348' <Predicate = (!icmp_ln44)> <Delay = 1.70>
ST_3 : Operation 50 [1/1] (0.00ns)   --->   "%br_ln0 = br void %for.inc18"   --->   Operation 50 'br' 'br_ln0' <Predicate = (!icmp_ln44)> <Delay = 0.00>


============================================================
+ Verbose Summary: Timing violations
============================================================
Target clock period: 9.36ns, clock uncertainty: 2.53ns.

 <State 1>: 3.47ns
The critical path consists of the following:
	'alloca' operation ('i') [7]  (0 ns)
	'load' operation ('i', byte_count_stream/src/byte_count_stream.cpp:36) on local variable 'i' [13]  (0 ns)
	'add' operation ('i', byte_count_stream/src/byte_count_stream.cpp:36) [16]  (1.64 ns)
	'store' operation ('store_ln36', byte_count_stream/src/byte_count_stream.cpp:36) of variable 'i', byte_count_stream/src/byte_count_stream.cpp:36 on local variable 'i' [51]  (1.59 ns)
	blocking operation 0.241 ns on control path)

 <State 2>: 5.12ns
The critical path consists of the following:
	'load' operation ('lhs_load_1') on local variable 'lhs' [26]  (0 ns)
	'add' operation ('ret.V') [44]  (1.65 ns)
	'select' operation ('count.V') [47]  (0.98 ns)
	'store' operation ('store_ln46', byte_count_stream/src/byte_count_stream.cpp:46) of variable 'count.V' on local variable 'lhs' [48]  (1.71 ns)
	blocking operation 0.784 ns on control path)

 <State 3>: 6.66ns
The critical path consists of the following:
	'load' operation ('lhs') on array 'appear' [34]  (2.32 ns)
	'add' operation ('add_ln859') [37]  (1.65 ns)
	'select' operation ('count.V') [39]  (0.98 ns)
	'store' operation ('store_ln348') of variable 'count.V' on local variable 'lhs' [40]  (1.71 ns)


============================================================
+ Verbose Summary: Binding
============================================================
N/A
* FSMD analyzer results:
  - Output states:
 - Input state : 
  - Chain level:
	State 1
	State 2
	State 3


============================================================
+ Verbose Summary: Datapath Resource usage 
============================================================
N/A
