

================================================================
== Vitis HLS Report for 'threshold'
================================================================
* Date:           Tue Jul 19 19:35:59 2022

* Version:        2022.1 (Build 3526262 on Mon Apr 18 15:48:16 MDT 2022)
* Project:        byte_count_stream
* Solution:       solution1 (Vivado IP Flow Target)
* Product family: zynq
* Target device:  xc7z010i-clg225-1L


================================================================
== Performance Estimates
================================================================
+ Timing: 
    * Summary: 
    +--------+----------+----------+------------+
    |  Clock |  Target  | Estimated| Uncertainty|
    +--------+----------+----------+------------+
    |ap_clk  |  10.00 ns|  7.091 ns|     2.70 ns|
    +--------+----------+----------+------------+

+ Latency: 
    * Summary: 
    +---------+---------+----------+----------+-----+-----+---------+
    |  Latency (cycles) |  Latency (absolute) |  Interval | Pipeline|
    |   min   |   max   |    min   |    max   | min | max |   Type  |
    +---------+---------+----------+----------+-----+-----+---------+
    |      260|      260|  2.600 us|  2.600 us|  260|  260|       no|
    +---------+---------+----------+----------+-----+-----+---------+

    + Detail: 
        * Instance: 
        +-----------------------------------------------+-------------------------------------+---------+---------+----------+----------+-----+-----+---------+
        |                                               |                                     |  Latency (cycles) |  Latency (absolute) |  Interval | Pipeline|
        |                    Instance                   |                Module               |   min   |   max   |    min   |    max   | min | max |   Type  |
        +-----------------------------------------------+-------------------------------------+---------+---------+----------+----------+-----+-----+---------+
        |grp_threshold_Pipeline_VITIS_LOOP_214_1_fu_57  |threshold_Pipeline_VITIS_LOOP_214_1  |      258|      258|  2.580 us|  2.580 us|  258|  258|       no|
        +-----------------------------------------------+-------------------------------------+---------+---------+----------+----------+-----+-----+---------+

        * Loop: 
        N/A

============================================================
+ Verbose Summary: Synthesis Manager
============================================================
InlineROM: 1
ExposeGlobal: 0
============================================================
+ Verbose Summary: CDFG Model
============================================================
IsTopModel: 0
ResetActiveHigh: 1
IsCombinational: 2
IsDatapathOnly: 0
HasWiredReturn: 1
HasMFsm: 0
HasVarLatency: 1
IsPipeline: 0
IsRtlPipelined: 0
IsInstanceOverlapped: 0
IsDontTouch: 0
HasImplIP: 0
IsGatedGlobalClock: 0


============================================================
+ Verbose Summary: Schedule
============================================================
* Number of FSM states : 3
* Pipeline : 0
* Dataflow Pipeline: 0

* FSM state transitions: 
1 --> 2 
2 --> 3 
3 --> 

* FSM state operations: 

State 1 <SV = 0> <Delay = 0.00>
ST_1 : Operation 4 [1/1] (0.00ns)   --->   "%over_thresh_loc = alloca i32 1"   --->   Operation 4 'alloca' 'over_thresh_loc' <Predicate = true> <Delay = 0.00>
ST_1 : Operation 5 [1/1] (0.00ns)   --->   "%readreq_ln82 = readreq void @_ssdm_op_ReadReq, i8 %in_r, i32 2" [C:/Xilinx/Vitis_HLS/2022.1/common/technology/autopilot\hls_streamofblocks.h:82]   --->   Operation 5 'readreq' 'readreq_ln82' <Predicate = true> <Delay = 0.00>
ST_1 : Operation 6 [2/2] (0.00ns)   --->   "%call_ln0 = call void @threshold_Pipeline_VITIS_LOOP_214_1, i8 %in_r, i32 %over_thresh_loc"   --->   Operation 6 'call' 'call_ln0' <Predicate = true> <Delay = 0.00> <CoreType = "Generic">   --->   Core 0 '' <Latency = 0> <II = 1> <Delay = 1.00> <Generic> <Opcode : >

State 2 <SV = 1> <Delay = 3.24>
ST_2 : Operation 7 [1/2] (3.24ns)   --->   "%call_ln0 = call void @threshold_Pipeline_VITIS_LOOP_214_1, i8 %in_r, i32 %over_thresh_loc"   --->   Operation 7 'call' 'call_ln0' <Predicate = true> <Delay = 3.24> <CoreType = "Generic">   --->   Core 0 '' <Latency = 0> <II = 1> <Delay = 1.00> <Generic> <Opcode : >

State 3 <SV = 2> <Delay = 3.47>
ST_3 : Operation 8 [1/1] (0.00ns)   --->   "%specinterface_ln0 = specinterface void @_ssdm_op_SpecInterface, i32 %Out_r, void @empty_0, i32 0, i32 0, void @empty, i32 0, i32 0, void @empty, void @empty, void @empty, i32 0, i32 0, i32 0, i32 0, void @empty, void @empty, i32 4294967295, i32 0"   --->   Operation 8 'specinterface' 'specinterface_ln0' <Predicate = true> <Delay = 0.00>
ST_3 : Operation 9 [1/1] (0.00ns)   --->   "%specinterface_ln267 = specinterface void @_ssdm_op_SpecInterface, i8 %in_r, void @empty_2, i32 0, i32 0, void @empty, i32 0, i32 0, void @empty, void @empty, void @empty, i32 2, i32 2, i32 16, i32 16, void @empty, void @empty, i32 4294967295, i32 0" [C:/Xilinx/Vitis_HLS/2022.1/common/technology/autopilot\hls_streamofblocks.h:267]   --->   Operation 9 'specinterface' 'specinterface_ln267' <Predicate = true> <Delay = 0.00>
ST_3 : Operation 10 [1/1] (0.00ns)   --->   "%over_thresh_loc_load = load i32 %over_thresh_loc"   --->   Operation 10 'load' 'over_thresh_loc_load' <Predicate = true> <Delay = 0.00>
ST_3 : Operation 11 [1/1] (3.47ns)   --->   "%write_ln174 = write void @_ssdm_op_Write.ap_fifo.volatile.i32P0A, i32 %Out_r, i32 %over_thresh_loc_load" [C:/Xilinx/Vitis_HLS/2022.1/common/technology/autopilot/hls_stream_39.h:174]   --->   Operation 11 'write' 'write_ln174' <Predicate = true> <Delay = 3.47> <CoreInst = "FIFO">   --->   Core 78 'FIFO' <Latency = 0> <II = 1> <Delay = 3.47> <Storage> <Opcode : 'read' 'write' 'nbread' 'nbwrite'> <Ports = 0> <Width = -1> <Depth = -1> <FIFO>
ST_3 : Operation 12 [1/1] (0.00ns)   --->   "%read_ln102 = read void @_ssdm_op_Read, i8 %in_r, i32 2" [C:/Xilinx/Vitis_HLS/2022.1/common/technology/autopilot\hls_streamofblocks.h:102]   --->   Operation 12 'read' 'read_ln102' <Predicate = true> <Delay = 0.00>
ST_3 : Operation 13 [1/1] (0.00ns)   --->   "%ret_ln220 = ret" [byte_count_stream/src/byte_count_stream.cpp:220]   --->   Operation 13 'ret' 'ret_ln220' <Predicate = true> <Delay = 0.00>


============================================================
+ Verbose Summary: Binding
============================================================
STG Binding: 
---------------- STG Properties BEGIN ----------------
- Is combinational: 0
- Is one-state seq: 0
- Is datapath-only: 0
- Is pipelined: 0
- Is top level: 0
Port [ Return ] is wired: 1; IO mode=ap_ctrl_hs:ce=0
Port [ in_r]:  wired=1; compound=1; hidden=0; nouse=0; global=0; static=0; extern=0; dir=0; type=5; pingpong=1; private_global=0; MemPort=[13]; IO mode=mem_fifo:ce=0
Port [ Out_r]:  wired=1; compound=1; hidden=0; nouse=0; global=0; static=0; extern=0; dir=1; type=3; pingpong=0; private_global=0; IO mode=ap_fifo:ce=0
---------------- STG Properties END ------------------

---------------- Datapath Model BEGIN ----------------

<LifeTime>
<method=bitvector/>
over_thresh_loc      (alloca       ) [ 0111]
readreq_ln82         (readreq      ) [ 0000]
call_ln0             (call         ) [ 0000]
specinterface_ln0    (specinterface) [ 0000]
specinterface_ln267  (specinterface) [ 0000]
over_thresh_loc_load (load         ) [ 0000]
write_ln174          (write        ) [ 0000]
read_ln102           (read         ) [ 0000]
ret_ln220            (ret          ) [ 0000]
</LifeTime>

<model>

<comp_list>
<comp id="0" class="1000" name="in_r">
<pin_list>
<pin id="1" dir="1" index="0" bw="1" slack="0"/>
</pin_list>
<bind>
<StgValue><ssdm name="in_r"/><MemPortTyVec>1 3 </MemPortTyVec>
</StgValue>
</bind>
</comp>

<comp id="2" class="1000" name="Out_r">
<pin_list>
<pin id="3" dir="1" index="0" bw="1" slack="0"/>
</pin_list>
<bind>
<StgValue><ssdm name="Out_r"/></StgValue>
</bind>
</comp>

<comp id="4" class="1001" name="const_4">
<pin_list>
<pin id="5" dir="1" index="0" bw="1" slack="0"/>
</pin_list>
<bind>
<StgValue><ssdm name=""/></StgValue>
</bind>
</comp>

<comp id="6" class="1001" name="const_6">
<pin_list>
<pin id="7" dir="1" index="0" bw="1" slack="0"/>
</pin_list>
<bind>
<StgValue><ssdm name="_ssdm_op_ReadReq"/></StgValue>
</bind>
</comp>

<comp id="8" class="1001" name="const_8">
<pin_list>
<pin id="9" dir="1" index="0" bw="1" slack="0"/>
</pin_list>
<bind>
<StgValue><ssdm name=""/></StgValue>
</bind>
</comp>

<comp id="10" class="1001" name="const_10">
<pin_list>
<pin id="11" dir="1" index="0" bw="1" slack="0"/>
</pin_list>
<bind>
<StgValue><ssdm name="threshold_Pipeline_VITIS_LOOP_214_1"/></StgValue>
</bind>
</comp>

<comp id="12" class="1001" name="const_12">
<pin_list>
<pin id="13" dir="1" index="0" bw="1" slack="2147483647"/>
</pin_list>
<bind>
<StgValue><ssdm name="_ssdm_op_SpecInterface"/></StgValue>
</bind>
</comp>

<comp id="14" class="1001" name="const_14">
<pin_list>
<pin id="15" dir="1" index="0" bw="1" slack="2147483647"/>
</pin_list>
<bind>
<StgValue><ssdm name="empty_0"/></StgValue>
</bind>
</comp>

<comp id="16" class="1001" name="const_16">
<pin_list>
<pin id="17" dir="1" index="0" bw="1" slack="2147483647"/>
</pin_list>
<bind>
<StgValue><ssdm name=""/></StgValue>
</bind>
</comp>

<comp id="18" class="1001" name="const_18">
<pin_list>
<pin id="19" dir="1" index="0" bw="1" slack="2147483647"/>
</pin_list>
<bind>
<StgValue><ssdm name="empty"/></StgValue>
</bind>
</comp>

<comp id="20" class="1001" name="const_20">
<pin_list>
<pin id="21" dir="1" index="0" bw="1" slack="2147483647"/>
</pin_list>
<bind>
<StgValue><ssdm name=""/></StgValue>
</bind>
</comp>

<comp id="22" class="1001" name="const_22">
<pin_list>
<pin id="23" dir="1" index="0" bw="1" slack="2147483647"/>
</pin_list>
<bind>
<StgValue><ssdm name="empty_2"/></StgValue>
</bind>
</comp>

<comp id="24" class="1001" name="const_24">
<pin_list>
<pin id="25" dir="1" index="0" bw="1" slack="2147483647"/>
</pin_list>
<bind>
<StgValue><ssdm name=""/></StgValue>
</bind>
</comp>

<comp id="26" class="1001" name="const_26">
<pin_list>
<pin id="27" dir="1" index="0" bw="1" slack="0"/>
</pin_list>
<bind>
<StgValue><ssdm name="_ssdm_op_Write.ap_fifo.volatile.i32P0A"/></StgValue>
</bind>
</comp>

<comp id="28" class="1001" name="const_28">
<pin_list>
<pin id="29" dir="1" index="0" bw="1" slack="0"/>
</pin_list>
<bind>
<StgValue><ssdm name="_ssdm_op_Read"/></StgValue>
</bind>
</comp>

<comp id="30" class="1004" name="over_thresh_loc_fu_30">
<pin_list>
<pin id="31" dir="0" index="0" bw="1" slack="0"/>
<pin id="32" dir="1" index="1" bw="32" slack="0"/>
</pin_list>
<bind>
<opcode="alloca(26) " fcode="alloca"/>
<opset="over_thresh_loc/1 "/>
</bind>
</comp>

<comp id="34" class="1004" name="readreq_ln82_readreq_fu_34">
<pin_list>
<pin id="35" dir="0" index="0" bw="0" slack="0"/>
<pin id="36" dir="0" index="1" bw="8" slack="0"/>
<pin id="37" dir="0" index="2" bw="3" slack="0"/>
<pin id="38" dir="1" index="3" bw="0" slack="2147483647"/>
</pin_list>
<bind>
<opcode="readreq(1154) " fcode="readreq"/>
<opset="readreq_ln82/1 "/>
</bind>
</comp>

<comp id="42" class="1004" name="write_ln174_write_fu_42">
<pin_list>
<pin id="43" dir="0" index="0" bw="0" slack="0"/>
<pin id="44" dir="0" index="1" bw="32" slack="0"/>
<pin id="45" dir="0" index="2" bw="32" slack="0"/>
<pin id="46" dir="1" index="3" bw="0" slack="2147483647"/>
</pin_list>
<bind>
<opcode="write(1151) " fcode="write"/>
<opset="write_ln174/3 "/>
</bind>
</comp>

<comp id="49" class="1004" name="read_ln102_read_fu_49">
<pin_list>
<pin id="50" dir="0" index="0" bw="0" slack="0"/>
<pin id="51" dir="0" index="1" bw="8" slack="0"/>
<pin id="52" dir="0" index="2" bw="3" slack="0"/>
<pin id="53" dir="1" index="3" bw="0" slack="2147483647"/>
</pin_list>
<bind>
<opcode="read(1150) " fcode="read"/>
<opset="read_ln102/3 "/>
</bind>
</comp>

<comp id="57" class="1004" name="grp_threshold_Pipeline_VITIS_LOOP_214_1_fu_57">
<pin_list>
<pin id="58" dir="0" index="0" bw="0" slack="0"/>
<pin id="59" dir="0" index="1" bw="8" slack="0"/>
<pin id="60" dir="0" index="2" bw="32" slack="0"/>
<pin id="61" dir="1" index="3" bw="0" slack="2147483647"/>
</pin_list>
<bind>
<opcode="call(48) " fcode="call"/>
<opset="call_ln0/1 "/>
</bind>
</comp>

<comp id="64" class="1004" name="over_thresh_loc_load_load_fu_64">
<pin_list>
<pin id="65" dir="0" index="0" bw="32" slack="2"/>
<pin id="66" dir="1" index="1" bw="32" slack="0"/>
</pin_list>
<bind>
<opcode="load(27) " fcode="load"/>
<opset="over_thresh_loc_load/3 "/>
</bind>
</comp>

<comp id="68" class="1005" name="over_thresh_loc_reg_68">
<pin_list>
<pin id="69" dir="0" index="0" bw="32" slack="0"/>
<pin id="70" dir="1" index="1" bw="32" slack="0"/>
</pin_list>
<bind>
<opset="over_thresh_loc "/>
</bind>
</comp>

</comp_list>

<net_list>
<net id="33"><net_src comp="4" pin="0"/><net_sink comp="30" pin=0"/></net>

<net id="39"><net_src comp="6" pin="0"/><net_sink comp="34" pin=0"/></net>

<net id="40"><net_src comp="0" pin="0"/><net_sink comp="34" pin=1"/></net>

<net id="41"><net_src comp="8" pin="0"/><net_sink comp="34" pin=2"/></net>

<net id="47"><net_src comp="26" pin="0"/><net_sink comp="42" pin=0"/></net>

<net id="48"><net_src comp="2" pin="0"/><net_sink comp="42" pin=1"/></net>

<net id="54"><net_src comp="28" pin="0"/><net_sink comp="49" pin=0"/></net>

<net id="55"><net_src comp="0" pin="0"/><net_sink comp="49" pin=1"/></net>

<net id="56"><net_src comp="8" pin="0"/><net_sink comp="49" pin=2"/></net>

<net id="62"><net_src comp="10" pin="0"/><net_sink comp="57" pin=0"/></net>

<net id="63"><net_src comp="0" pin="0"/><net_sink comp="57" pin=1"/></net>

<net id="67"><net_src comp="64" pin="1"/><net_sink comp="42" pin=2"/></net>

<net id="71"><net_src comp="30" pin="1"/><net_sink comp="68" pin=0"/></net>

<net id="72"><net_src comp="68" pin="1"/><net_sink comp="57" pin=2"/></net>

<net id="73"><net_src comp="68" pin="1"/><net_sink comp="64" pin=0"/></net>

</net_list>

</model> 
---------------- Datapath Model END ------------------

* FSMD analyzer results:
  - Output states:
	Port: Out_r | {3 }
 - Input state : 
	Port: threshold : in_r | {1 2 3 }
  - Chain level:
	State 1
		call_ln0 : 1
	State 2
	State 3
		write_ln174 : 1


============================================================
+ Verbose Summary: Datapath Resource usage 
============================================================

* Functional unit list:
|----------|-----------------------------------------------|---------|---------|---------|
| Operation|                Functional Unit                |  Delay  |    FF   |   LUT   |
|----------|-----------------------------------------------|---------|---------|---------|
|   call   | grp_threshold_Pipeline_VITIS_LOOP_214_1_fu_57 |  1.588  |    49   |   116   |
|----------|-----------------------------------------------|---------|---------|---------|
|  readreq |           readreq_ln82_readreq_fu_34          |    0    |    0    |    0    |
|----------|-----------------------------------------------|---------|---------|---------|
|   write  |            write_ln174_write_fu_42            |    0    |    0    |    0    |
|----------|-----------------------------------------------|---------|---------|---------|
|   read   |             read_ln102_read_fu_49             |    0    |    0    |    0    |
|----------|-----------------------------------------------|---------|---------|---------|
|   Total  |                                               |  1.588  |    49   |   116   |
|----------|-----------------------------------------------|---------|---------|---------|

Memories:
N/A

* Register list:
+----------------------+--------+
|                      |   FF   |
+----------------------+--------+
|over_thresh_loc_reg_68|   32   |
+----------------------+--------+
|         Total        |   32   |
+----------------------+--------+

* Multiplexer (MUX) list: 
|--------|------|------|------|--------|
|  Comp  |  Pin | Size |  BW  | S x BW |
|--------|------|------|------|--------|
|  Total |      |      |      |    0   |
|--------|------|------|------|--------|



* Summary:
+-----------+--------+--------+--------+
|           |  Delay |   FF   |   LUT  |
+-----------+--------+--------+--------+
|  Function |    1   |   49   |   116  |
|   Memory  |    -   |    -   |    -   |
|Multiplexer|    -   |    -   |    -   |
|  Register |    -   |   32   |    -   |
+-----------+--------+--------+--------+
|   Total   |    1   |   81   |   116  |
+-----------+--------+--------+--------+
