

================================================================
== Vitis HLS Report for 'threshold_Pipeline_VITIS_LOOP_58_1'
================================================================
* Date:           Sun Sep 18 15:33:16 2022

* Version:        2022.1 (Build 3526262 on Mon Apr 18 15:48:16 MDT 2022)
* Project:        byte_count_stream
* Solution:       solution1 (Vivado IP Flow Target)
* Product family: zynq
* Target device:  xc7z010i-clg225-1L


================================================================
== Performance Estimates
================================================================
+ Timing: 
    * Summary: 
    +--------+---------+----------+------------+
    |  Clock |  Target | Estimated| Uncertainty|
    +--------+---------+----------+------------+
    |ap_clk  |  9.36 ns|  5.739 ns|     2.53 ns|
    +--------+---------+----------+------------+

+ Latency: 
    * Summary: 
    +---------+---------+----------+----------+-----+-----+---------+
    |  Latency (cycles) |  Latency (absolute) |  Interval | Pipeline|
    |   min   |   max   |    min   |    max   | min | max |   Type  |
    +---------+---------+----------+----------+-----+-----+---------+
    |      259|      259|  2.424 us|  2.424 us|  259|  259|       no|
    +---------+---------+----------+----------+-----+-----+---------+

    + Detail: 
        * Instance: 
        N/A

        * Loop: 
        +-------------------+---------+---------+----------+-----------+-----------+------+----------+
        |                   |  Latency (cycles) | Iteration|  Initiation Interval  | Trip |          |
        |     Loop Name     |   min   |   max   |  Latency |  achieved |   target  | Count| Pipelined|
        +-------------------+---------+---------+----------+-----------+-----------+------+----------+
        |- VITIS_LOOP_58_1  |      257|      257|         2|          1|          1|   256|       yes|
        +-------------------+---------+---------+----------+-----------+-----------+------+----------+

============================================================
+ Verbose Summary: Synthesis Manager
============================================================
InlineROM: 1
ExposeGlobal: 0
============================================================
+ Verbose Summary: CDFG Model
============================================================
IsTopModel: 0
ResetActiveHigh: 1
IsCombinational: 0
IsDatapathOnly: 0
HasWiredReturn: 1
HasMFsm: 2
HasVarLatency: 1
IsPipeline: 0
IsRtlPipelined: 0
IsInstanceOverlapped: 0
IsDontTouch: 0
HasImplIP: 0
IsGatedGlobalClock: 0

+ Individual pipeline summary: 
  * Pipeline-0: initiation interval (II) = 1, depth = 2


============================================================
+ Verbose Summary: Schedule
============================================================
* Number of FSM states : 2
* Pipeline : 1
  Pipeline-0 : II = 1, D = 2, States = { 1 2 }
* Dataflow Pipeline: 0

* FSM state transitions: 
1 --> 2 
2 --> 

* FSM state operations: 

State 1 <SV = 0> <Delay = 3.41>
ST_1 : Operation 5 [1/1] (0.00ns)   --->   "%over_thresh = alloca i32 1"   --->   Operation 5 'alloca' 'over_thresh' <Predicate = true> <Delay = 0.00>
ST_1 : Operation 6 [1/1] (0.00ns)   --->   "%i = alloca i32 1"   --->   Operation 6 'alloca' 'i' <Predicate = true> <Delay = 0.00>
ST_1 : Operation 7 [1/1] (1.58ns)   --->   "%store_ln0 = store i9 0, i9 %i"   --->   Operation 7 'store' 'store_ln0' <Predicate = true> <Delay = 1.58>
ST_1 : Operation 8 [1/1] (1.58ns)   --->   "%store_ln0 = store i32 0, i32 %over_thresh"   --->   Operation 8 'store' 'store_ln0' <Predicate = true> <Delay = 1.58>
ST_1 : Operation 9 [1/1] (0.00ns)   --->   "%br_ln0 = br void %for.body"   --->   Operation 9 'br' 'br_ln0' <Predicate = true> <Delay = 0.00>
ST_1 : Operation 10 [1/1] (0.00ns)   --->   "%i_1 = load i9 %i"   --->   Operation 10 'load' 'i_1' <Predicate = true> <Delay = 0.00>
ST_1 : Operation 11 [1/1] (1.66ns)   --->   "%icmp_ln58 = icmp_eq  i9 %i_1, i9 256" [byte_count_stream/src/byte_count_stream.cpp:58]   --->   Operation 11 'icmp' 'icmp_ln58' <Predicate = true> <Delay = 1.66> <CoreInst = "Cmp">   --->   Core 9 'Cmp' <Latency = 0> <II = 1> <Delay = 1.66> <FuncUnit> <Opcode : 'icmp'> <InPorts = 2> <OutPorts = 1>
ST_1 : Operation 12 [1/1] (1.82ns)   --->   "%add_ln58 = add i9 %i_1, i9 1" [byte_count_stream/src/byte_count_stream.cpp:58]   --->   Operation 12 'add' 'add_ln58' <Predicate = true> <Delay = 1.82> <CoreInst = "Adder">   --->   Core 1 'Adder' <Latency = 0> <II = 1> <Delay = 1.82> <FuncUnit> <Opcode : 'add' 'sub'> <InPorts = 2> <OutPorts = 1>
ST_1 : Operation 13 [1/1] (0.00ns)   --->   "%br_ln58 = br i1 %icmp_ln58, void %for.body.split, void %for.end.exitStub" [byte_count_stream/src/byte_count_stream.cpp:58]   --->   Operation 13 'br' 'br_ln58' <Predicate = true> <Delay = 0.00>
ST_1 : Operation 14 [1/1] (0.00ns)   --->   "%trunc_ln1695 = trunc i9 %i_1"   --->   Operation 14 'trunc' 'trunc_ln1695' <Predicate = (!icmp_ln58)> <Delay = 0.00>
ST_1 : Operation 15 [1/1] (0.00ns)   --->   "%zext_ln1695 = zext i8 %trunc_ln1695"   --->   Operation 15 'zext' 'zext_ln1695' <Predicate = (!icmp_ln58)> <Delay = 0.00>
ST_1 : Operation 16 [1/1] (0.00ns)   --->   "%appear_addr = getelementptr i3 %appear, i32 0, i32 %zext_ln1695"   --->   Operation 16 'getelementptr' 'appear_addr' <Predicate = (!icmp_ln58)> <Delay = 0.00>
ST_1 : Operation 17 [2/2] (2.32ns)   --->   "%appear_load = load i8 %appear_addr"   --->   Operation 17 'load' 'appear_load' <Predicate = (!icmp_ln58)> <Delay = 2.32> <CoreInst = "RAM">   --->   Core 82 'RAM' <Latency = 1> <II = 1> <Delay = 2.32> <Storage> <Opcode : 'load' 'store'> <Ports = 2> <Width = 3> <Depth = 256> <RAM>
ST_1 : Operation 18 [1/1] (1.58ns)   --->   "%store_ln58 = store i9 %add_ln58, i9 %i" [byte_count_stream/src/byte_count_stream.cpp:58]   --->   Operation 18 'store' 'store_ln58' <Predicate = (!icmp_ln58)> <Delay = 1.58>

State 2 <SV = 1> <Delay = 5.73>
ST_2 : Operation 19 [1/1] (0.00ns)   --->   "%over_thresh_2 = load i32 %over_thresh"   --->   Operation 19 'load' 'over_thresh_2' <Predicate = true> <Delay = 0.00>
ST_2 : Operation 20 [1/1] (0.00ns)   --->   "%empty = trunc i32 %over_thresh_2"   --->   Operation 20 'trunc' 'empty' <Predicate = true> <Delay = 0.00>
ST_2 : Operation 21 [1/1] (0.00ns)   --->   "%specpipeline_ln0 = specpipeline void @_ssdm_op_SpecPipeline, i32 4294967295, i32 0, i32 1, i32 0, void @p_str"   --->   Operation 21 'specpipeline' 'specpipeline_ln0' <Predicate = true> <Delay = 0.00>
ST_2 : Operation 22 [1/1] (0.00ns)   --->   "%empty_14 = speclooptripcount i32 @_ssdm_op_SpecLoopTripCount, i64 256, i64 256, i64 256"   --->   Operation 22 'speclooptripcount' 'empty_14' <Predicate = true> <Delay = 0.00>
ST_2 : Operation 23 [1/1] (0.00ns)   --->   "%specloopname_ln56 = specloopname void @_ssdm_op_SpecLoopName, void @empty_9" [byte_count_stream/src/byte_count_stream.cpp:56]   --->   Operation 23 'specloopname' 'specloopname_ln56' <Predicate = (!icmp_ln58)> <Delay = 0.00>
ST_2 : Operation 24 [1/2] (2.32ns)   --->   "%appear_load = load i8 %appear_addr"   --->   Operation 24 'load' 'appear_load' <Predicate = (!icmp_ln58)> <Delay = 2.32> <CoreInst = "RAM">   --->   Core 82 'RAM' <Latency = 1> <II = 1> <Delay = 2.32> <Storage> <Opcode : 'load' 'store'> <Ports = 2> <Width = 3> <Depth = 256> <RAM>
ST_2 : Operation 25 [1/1] (1.13ns)   --->   "%icmp_ln1695 = icmp_ugt  i3 %appear_load, i3 4"   --->   Operation 25 'icmp' 'icmp_ln1695' <Predicate = (!icmp_ln58)> <Delay = 1.13> <CoreInst = "Cmp">   --->   Core 9 'Cmp' <Latency = 0> <II = 1> <Delay = 1.13> <FuncUnit> <Opcode : 'icmp'> <InPorts = 2> <OutPorts = 1>
ST_2 : Operation 26 [1/1] (2.55ns)   --->   "%add_ln60 = add i32 %over_thresh_2, i32 1" [byte_count_stream/src/byte_count_stream.cpp:60]   --->   Operation 26 'add' 'add_ln60' <Predicate = (!icmp_ln58)> <Delay = 2.55> <CoreInst = "Adder">   --->   Core 1 'Adder' <Latency = 0> <II = 1> <Delay = 2.55> <FuncUnit> <Opcode : 'add' 'sub'> <InPorts = 2> <OutPorts = 1>
ST_2 : Operation 27 [1/1] (0.69ns)   --->   "%over_thresh_3 = select i1 %icmp_ln1695, i32 %add_ln60, i32 %over_thresh_2" [byte_count_stream/src/byte_count_stream.cpp:59]   --->   Operation 27 'select' 'over_thresh_3' <Predicate = (!icmp_ln58)> <Delay = 0.69> <CoreInst = "Sel">   --->   Core 73 'Sel' <Latency = 0> <II = 1> <Delay = 0.69> <FuncUnit> <Opcode : 'select'> <InPorts = 3> <OutPorts = 1>
ST_2 : Operation 28 [1/1] (1.58ns)   --->   "%store_ln58 = store i32 %over_thresh_3, i32 %over_thresh" [byte_count_stream/src/byte_count_stream.cpp:58]   --->   Operation 28 'store' 'store_ln58' <Predicate = (!icmp_ln58)> <Delay = 1.58>
ST_2 : Operation 29 [1/1] (0.00ns)   --->   "%br_ln58 = br void %for.body" [byte_count_stream/src/byte_count_stream.cpp:58]   --->   Operation 29 'br' 'br_ln58' <Predicate = (!icmp_ln58)> <Delay = 0.00>
ST_2 : Operation 30 [1/1] (0.00ns)   --->   "%write_ln0 = write void @_ssdm_op_Write.ap_auto.i8P0A, i8 %over_thresh_out, i8 %empty"   --->   Operation 30 'write' 'write_ln0' <Predicate = (icmp_ln58)> <Delay = 0.00>
ST_2 : Operation 31 [1/1] (0.00ns)   --->   "%ret_ln0 = ret"   --->   Operation 31 'ret' 'ret_ln0' <Predicate = (icmp_ln58)> <Delay = 0.00>


============================================================
+ Verbose Summary: Timing violations
============================================================
Target clock period: 9.36ns, clock uncertainty: 2.53ns.

 <State 1>: 3.41ns
The critical path consists of the following:
	'alloca' operation ('i') [4]  (0 ns)
	'load' operation ('i') on local variable 'i' [10]  (0 ns)
	'add' operation ('add_ln58', byte_count_stream/src/byte_count_stream.cpp:58) [15]  (1.82 ns)
	'store' operation ('store_ln58', byte_count_stream/src/byte_count_stream.cpp:58) of variable 'add_ln58', byte_count_stream/src/byte_count_stream.cpp:58 on local variable 'i' [26]  (1.59 ns)

 <State 2>: 5.74ns
The critical path consists of the following:
	'load' operation ('appear_load') on array 'appear' [22]  (2.32 ns)
	'icmp' operation ('icmp_ln1695') [23]  (1.13 ns)
	'select' operation ('over_thresh', byte_count_stream/src/byte_count_stream.cpp:59) [25]  (0.698 ns)
	'store' operation ('store_ln58', byte_count_stream/src/byte_count_stream.cpp:58) of variable 'over_thresh', byte_count_stream/src/byte_count_stream.cpp:59 on local variable 'over_thresh' [27]  (1.59 ns)


============================================================
+ Verbose Summary: Binding
============================================================
N/A
* FSMD analyzer results:
  - Output states:
 - Input state : 
  - Chain level:
	State 1
	State 2


============================================================
+ Verbose Summary: Datapath Resource usage 
============================================================
N/A
